// Jest Snapshot v1, https://goo.gl/fbAQLP

exports[`App component renders a App 1`] = `
<Fragment>
  <Link
    to="/hey"
  >
    <p>
      hey
    </p>
  </Link>
  <p>
    you
  </p>
  <img
    src="fjsdklfj"
  />
</Fragment>
`;
